Analysis & Synthesis report for irig_b
Fri Mar  7 10:21:44 2014
Quartus II 32-bit Version 13.0.1 Build 232 06/12/2013 Service Pack 1 SJ Web Edition


---------------------
; Table of Contents ;
---------------------
  1. Legal Notice
  2. Analysis & Synthesis Summary
  3. Analysis & Synthesis Settings
  4. Parallel Compilation
  5. Analysis & Synthesis Source Files Read
  6. Analysis & Synthesis Resource Usage Summary
  7. Analysis & Synthesis Resource Utilization by Entity
  8. User-Specified and Inferred Latches
  9. General Register Statistics
 10. Inverted Register Statistics
 11. Multiplexer Restructuring Statistics (Restructuring Performed)
 12. Parameter Settings for User Entity Instance: Top-level Entity: |irig_b
 13. Parameter Settings for User Entity Instance: freq_div:divisor
 14. Parameter Settings for Inferred Entity Instance: irigb_mod:irig|lpm_divide:Mod0
 15. Parameter Settings for Inferred Entity Instance: irigb_mod:irig|lpm_divide:Mod1
 16. Parameter Settings for Inferred Entity Instance: irigb_mod:irig|lpm_mult:Mult0
 17. lpm_mult Parameter Settings by Entity Instance
 18. Elapsed Time Per Partition
 19. Analysis & Synthesis Messages



----------------
; Legal Notice ;
----------------
Copyright (C) 1991-2013 Altera Corporation
Your use of Altera Corporation's design tools, logic functions 
and other software and tools, and its AMPP partner logic 
functions, and any output files from any of the foregoing 
(including device programming or simulation files), and any 
associated documentation or information are expressly subject 
to the terms and conditions of the Altera Program License 
Subscription Agreement, Altera MegaCore Function License 
Agreement, or other applicable license agreement, including, 
without limitation, that your use is for the sole purpose of 
programming logic devices manufactured by Altera and sold by 
Altera or its authorized distributors.  Please refer to the 
applicable agreement for further details.



+--------------------------------------------------------------------------------------+
; Analysis & Synthesis Summary                                                         ;
+------------------------------------+-------------------------------------------------+
; Analysis & Synthesis Status        ; Successful - Fri Mar  7 10:21:44 2014           ;
; Quartus II 32-bit Version          ; 13.0.1 Build 232 06/12/2013 SP 1 SJ Web Edition ;
; Revision Name                      ; irig_b                                          ;
; Top-level Entity Name              ; irig_b                                          ;
; Family                             ; Cyclone III                                     ;
; Total logic elements               ; 1,150                                           ;
;     Total combinational functions  ; 1,148                                           ;
;     Dedicated logic registers      ; 104                                             ;
; Total registers                    ; 104                                             ;
; Total pins                         ; 45                                              ;
; Total virtual pins                 ; 0                                               ;
; Total memory bits                  ; 0                                               ;
; Embedded Multiplier 9-bit elements ; 0                                               ;
; Total PLLs                         ; 0                                               ;
+------------------------------------+-------------------------------------------------+


+----------------------------------------------------------------------------------------------------------------------+
; Analysis & Synthesis Settings                                                                                        ;
+----------------------------------------------------------------------------+--------------------+--------------------+
; Option                                                                     ; Setting            ; Default Value      ;
+----------------------------------------------------------------------------+--------------------+--------------------+
; Device                                                                     ; EP3C16F484C6       ;                    ;
; Top-level entity name                                                      ; irig_b             ; irig_b             ;
; Family name                                                                ; Cyclone III        ; Cyclone IV GX      ;
; Use smart compilation                                                      ; Off                ; Off                ;
; Enable parallel Assembler and TimeQuest Timing Analyzer during compilation ; On                 ; On                 ;
; Enable compact report table                                                ; Off                ; Off                ;
; Restructure Multiplexers                                                   ; Auto               ; Auto               ;
; Create Debugging Nodes for IP Cores                                        ; Off                ; Off                ;
; Preserve fewer node names                                                  ; On                 ; On                 ;
; Disable OpenCore Plus hardware evaluation                                  ; Off                ; Off                ;
; Verilog Version                                                            ; Verilog_2001       ; Verilog_2001       ;
; VHDL Version                                                               ; VHDL_1993          ; VHDL_1993          ;
; State Machine Processing                                                   ; Auto               ; Auto               ;
; Safe State Machine                                                         ; Off                ; Off                ;
; Extract Verilog State Machines                                             ; On                 ; On                 ;
; Extract VHDL State Machines                                                ; On                 ; On                 ;
; Ignore Verilog initial constructs                                          ; Off                ; Off                ;
; Iteration limit for constant Verilog loops                                 ; 5000               ; 5000               ;
; Iteration limit for non-constant Verilog loops                             ; 250                ; 250                ;
; Add Pass-Through Logic to Inferred RAMs                                    ; On                 ; On                 ;
; Infer RAMs from Raw Logic                                                  ; On                 ; On                 ;
; Parallel Synthesis                                                         ; On                 ; On                 ;
; DSP Block Balancing                                                        ; Auto               ; Auto               ;
; NOT Gate Push-Back                                                         ; On                 ; On                 ;
; Power-Up Don't Care                                                        ; On                 ; On                 ;
; Remove Redundant Logic Cells                                               ; Off                ; Off                ;
; Remove Duplicate Registers                                                 ; On                 ; On                 ;
; Ignore CARRY Buffers                                                       ; Off                ; Off                ;
; Ignore CASCADE Buffers                                                     ; Off                ; Off                ;
; Ignore GLOBAL Buffers                                                      ; Off                ; Off                ;
; Ignore ROW GLOBAL Buffers                                                  ; Off                ; Off                ;
; Ignore LCELL Buffers                                                       ; Off                ; Off                ;
; Ignore SOFT Buffers                                                        ; On                 ; On                 ;
; Limit AHDL Integers to 32 Bits                                             ; Off                ; Off                ;
; Optimization Technique                                                     ; Balanced           ; Balanced           ;
; Carry Chain Length                                                         ; 70                 ; 70                 ;
; Auto Carry Chains                                                          ; On                 ; On                 ;
; Auto Open-Drain Pins                                                       ; On                 ; On                 ;
; Perform WYSIWYG Primitive Resynthesis                                      ; Off                ; Off                ;
; Auto ROM Replacement                                                       ; On                 ; On                 ;
; Auto RAM Replacement                                                       ; On                 ; On                 ;
; Auto DSP Block Replacement                                                 ; On                 ; On                 ;
; Auto Shift Register Replacement                                            ; Auto               ; Auto               ;
; Allow Shift Register Merging across Hierarchies                            ; Auto               ; Auto               ;
; Auto Clock Enable Replacement                                              ; On                 ; On                 ;
; Strict RAM Replacement                                                     ; Off                ; Off                ;
; Allow Synchronous Control Signals                                          ; On                 ; On                 ;
; Force Use of Synchronous Clear Signals                                     ; Off                ; Off                ;
; Auto RAM Block Balancing                                                   ; On                 ; On                 ;
; Auto RAM to Logic Cell Conversion                                          ; Off                ; Off                ;
; Auto Resource Sharing                                                      ; Off                ; Off                ;
; Allow Any RAM Size For Recognition                                         ; Off                ; Off                ;
; Allow Any ROM Size For Recognition                                         ; Off                ; Off                ;
; Allow Any Shift Register Size For Recognition                              ; Off                ; Off                ;
; Use LogicLock Constraints during Resource Balancing                        ; On                 ; On                 ;
; Ignore translate_off and synthesis_off directives                          ; Off                ; Off                ;
; Timing-Driven Synthesis                                                    ; On                 ; On                 ;
; Report Parameter Settings                                                  ; On                 ; On                 ;
; Report Source Assignments                                                  ; On                 ; On                 ;
; Report Connectivity Checks                                                 ; On                 ; On                 ;
; Ignore Maximum Fan-Out Assignments                                         ; Off                ; Off                ;
; Synchronization Register Chain Length                                      ; 2                  ; 2                  ;
; PowerPlay Power Optimization                                               ; Normal compilation ; Normal compilation ;
; HDL message level                                                          ; Level2             ; Level2             ;
; Suppress Register Optimization Related Messages                            ; Off                ; Off                ;
; Number of Removed Registers Reported in Synthesis Report                   ; 5000               ; 5000               ;
; Number of Swept Nodes Reported in Synthesis Report                         ; 5000               ; 5000               ;
; Number of Inverted Registers Reported in Synthesis Report                  ; 100                ; 100                ;
; Clock MUX Protection                                                       ; On                 ; On                 ;
; Auto Gated Clock Conversion                                                ; Off                ; Off                ;
; Block Design Naming                                                        ; Auto               ; Auto               ;
; SDC constraint protection                                                  ; Off                ; Off                ;
; Synthesis Effort                                                           ; Auto               ; Auto               ;
; Shift Register Replacement - Allow Asynchronous Clear Signal               ; On                 ; On                 ;
; Pre-Mapping Resynthesis Optimization                                       ; Off                ; Off                ;
; Analysis & Synthesis Message Level                                         ; Medium             ; Medium             ;
; Disable Register Merging Across Hierarchies                                ; Auto               ; Auto               ;
; Resource Aware Inference For Block RAM                                     ; On                 ; On                 ;
; Synthesis Seed                                                             ; 1                  ; 1                  ;
+----------------------------------------------------------------------------+--------------------+--------------------+


Parallel compilation was disabled, but you have multiple processors available. Enable parallel compilation to reduce compilation time.
+-------------------------------------+
; Parallel Compilation                ;
+----------------------------+--------+
; Processors                 ; Number ;
+----------------------------+--------+
; Number detected on machine ; 8      ;
; Maximum allowed            ; 1      ;
+----------------------------+--------+


+-----------------------------------------------------------------------------------------------------------------------------------------------------------------------------------+
; Analysis & Synthesis Source Files Read                                                                                                                                            ;
+----------------------------------+-----------------+------------------------------+-------------------------------------------------------------------------------------+---------+
; File Name with User-Entered Path ; Used in Netlist ; File Type                    ; File Name with Absolute Path                                                        ; Library ;
+----------------------------------+-----------------+------------------------------+-------------------------------------------------------------------------------------+---------+
; irig_b.vhd                       ; yes             ; User VHDL File               ; /media/emilio/Datos/Dropbox/Seven/IRIG-B/irig_b.vhd                                 ;         ;
; irigb_mod.vhd                    ; yes             ; User VHDL File               ; /media/emilio/Datos/Dropbox/Seven/IRIG-B/irigb_mod.vhd                              ;         ;
; freq_div.vhd                     ; yes             ; User VHDL File               ; /media/emilio/Datos/Dropbox/Seven/IRIG-B/freq_div.vhd                               ;         ;
; lpm_divide.tdf                   ; yes             ; Megafunction                 ; /home/emilio/Altera/13.0sp1/quartus/libraries/megafunctions/lpm_divide.tdf          ;         ;
; abs_divider.inc                  ; yes             ; Megafunction                 ; /home/emilio/Altera/13.0sp1/quartus/libraries/megafunctions/abs_divider.inc         ;         ;
; sign_div_unsign.inc              ; yes             ; Megafunction                 ; /home/emilio/Altera/13.0sp1/quartus/libraries/megafunctions/sign_div_unsign.inc     ;         ;
; aglobal130.inc                   ; yes             ; Megafunction                 ; /home/emilio/Altera/13.0sp1/quartus/libraries/megafunctions/aglobal130.inc          ;         ;
; db/lpm_divide_7bm.tdf            ; yes             ; Auto-Generated Megafunction  ; /media/emilio/Datos/Dropbox/Seven/IRIG-B/db/lpm_divide_7bm.tdf                      ;         ;
; db/sign_div_unsign_5nh.tdf       ; yes             ; Auto-Generated Megafunction  ; /media/emilio/Datos/Dropbox/Seven/IRIG-B/db/sign_div_unsign_5nh.tdf                 ;         ;
; db/alt_u_div_l8f.tdf             ; yes             ; Auto-Generated Megafunction  ; /media/emilio/Datos/Dropbox/Seven/IRIG-B/db/alt_u_div_l8f.tdf                       ;         ;
; db/add_sub_unc.tdf               ; yes             ; Auto-Generated Megafunction  ; /media/emilio/Datos/Dropbox/Seven/IRIG-B/db/add_sub_unc.tdf                         ;         ;
; db/add_sub_vnc.tdf               ; yes             ; Auto-Generated Megafunction  ; /media/emilio/Datos/Dropbox/Seven/IRIG-B/db/add_sub_vnc.tdf                         ;         ;
; lpm_mult.tdf                     ; yes             ; Megafunction                 ; /home/emilio/Altera/13.0sp1/quartus/libraries/megafunctions/lpm_mult.tdf            ;         ;
; lpm_add_sub.inc                  ; yes             ; Megafunction                 ; /home/emilio/Altera/13.0sp1/quartus/libraries/megafunctions/lpm_add_sub.inc         ;         ;
; multcore.inc                     ; yes             ; Megafunction                 ; /home/emilio/Altera/13.0sp1/quartus/libraries/megafunctions/multcore.inc            ;         ;
; bypassff.inc                     ; yes             ; Megafunction                 ; /home/emilio/Altera/13.0sp1/quartus/libraries/megafunctions/bypassff.inc            ;         ;
; altshift.inc                     ; yes             ; Megafunction                 ; /home/emilio/Altera/13.0sp1/quartus/libraries/megafunctions/altshift.inc            ;         ;
; multcore.tdf                     ; yes             ; Megafunction                 ; /home/emilio/Altera/13.0sp1/quartus/libraries/megafunctions/multcore.tdf            ;         ;
; csa_add.inc                      ; yes             ; Megafunction                 ; /home/emilio/Altera/13.0sp1/quartus/libraries/megafunctions/csa_add.inc             ;         ;
; mpar_add.inc                     ; yes             ; Megafunction                 ; /home/emilio/Altera/13.0sp1/quartus/libraries/megafunctions/mpar_add.inc            ;         ;
; muleabz.inc                      ; yes             ; Megafunction                 ; /home/emilio/Altera/13.0sp1/quartus/libraries/megafunctions/muleabz.inc             ;         ;
; mul_lfrg.inc                     ; yes             ; Megafunction                 ; /home/emilio/Altera/13.0sp1/quartus/libraries/megafunctions/mul_lfrg.inc            ;         ;
; mul_boothc.inc                   ; yes             ; Megafunction                 ; /home/emilio/Altera/13.0sp1/quartus/libraries/megafunctions/mul_boothc.inc          ;         ;
; alt_ded_mult.inc                 ; yes             ; Megafunction                 ; /home/emilio/Altera/13.0sp1/quartus/libraries/megafunctions/alt_ded_mult.inc        ;         ;
; alt_ded_mult_y.inc               ; yes             ; Megafunction                 ; /home/emilio/Altera/13.0sp1/quartus/libraries/megafunctions/alt_ded_mult_y.inc      ;         ;
; dffpipe.inc                      ; yes             ; Megafunction                 ; /home/emilio/Altera/13.0sp1/quartus/libraries/megafunctions/dffpipe.inc             ;         ;
; mpar_add.tdf                     ; yes             ; Megafunction                 ; /home/emilio/Altera/13.0sp1/quartus/libraries/megafunctions/mpar_add.tdf            ;         ;
; lpm_add_sub.tdf                  ; yes             ; Megafunction                 ; /home/emilio/Altera/13.0sp1/quartus/libraries/megafunctions/lpm_add_sub.tdf         ;         ;
; addcore.inc                      ; yes             ; Megafunction                 ; /home/emilio/Altera/13.0sp1/quartus/libraries/megafunctions/addcore.inc             ;         ;
; look_add.inc                     ; yes             ; Megafunction                 ; /home/emilio/Altera/13.0sp1/quartus/libraries/megafunctions/look_add.inc            ;         ;
; alt_stratix_add_sub.inc          ; yes             ; Megafunction                 ; /home/emilio/Altera/13.0sp1/quartus/libraries/megafunctions/alt_stratix_add_sub.inc ;         ;
; db/add_sub_gfh.tdf               ; yes             ; Auto-Generated Megafunction  ; /media/emilio/Datos/Dropbox/Seven/IRIG-B/db/add_sub_gfh.tdf                         ;         ;
; altshift.tdf                     ; yes             ; Megafunction                 ; /home/emilio/Altera/13.0sp1/quartus/libraries/megafunctions/altshift.tdf            ;         ;
+----------------------------------+-----------------+------------------------------+-------------------------------------------------------------------------------------+---------+


+-----------------------------------------------------------------------+
; Analysis & Synthesis Resource Usage Summary                           ;
+---------------------------------------------+-------------------------+
; Resource                                    ; Usage                   ;
+---------------------------------------------+-------------------------+
; Estimated Total logic elements              ; 1,150                   ;
;                                             ;                         ;
; Total combinational functions               ; 1148                    ;
; Logic element usage by number of LUT inputs ;                         ;
;     -- 4 input functions                    ; 400                     ;
;     -- 3 input functions                    ; 253                     ;
;     -- <=2 input functions                  ; 495                     ;
;                                             ;                         ;
; Logic elements by mode                      ;                         ;
;     -- normal mode                          ; 805                     ;
;     -- arithmetic mode                      ; 343                     ;
;                                             ;                         ;
; Total registers                             ; 104                     ;
;     -- Dedicated logic registers            ; 104                     ;
;     -- I/O registers                        ; 0                       ;
;                                             ;                         ;
; I/O pins                                    ; 45                      ;
; Embedded Multiplier 9-bit elements          ; 0                       ;
; Maximum fan-out node                        ; freq_div:divisor|clk_ou ;
; Maximum fan-out                             ; 67                      ;
; Total fan-out                               ; 3609                    ;
; Average fan-out                             ; 2.69                    ;
+---------------------------------------------+-------------------------+


+------------------------------------------------------------------------------------------------------------------------------------------------------------------------------------------------------------------------------------------------------------------------------------------------------+
; Analysis & Synthesis Resource Utilization by Entity                                                                                                                                                                                                                                                  ;
+------------------------------------------------+-------------------+--------------+-------------+--------------+---------+-----------+------+--------------+--------------------------------------------------------------------------------------------------------------------------+--------------+
; Compilation Hierarchy Node                     ; LC Combinationals ; LC Registers ; Memory Bits ; DSP Elements ; DSP 9x9 ; DSP 18x18 ; Pins ; Virtual Pins ; Full Hierarchy Name                                                                                                      ; Library Name ;
+------------------------------------------------+-------------------+--------------+-------------+--------------+---------+-----------+------+--------------+--------------------------------------------------------------------------------------------------------------------------+--------------+
; |irig_b                                        ; 1148 (2)          ; 104 (3)      ; 0           ; 0            ; 0       ; 0         ; 45   ; 0            ; |irig_b                                                                                                                  ; work         ;
;    |freq_div:divisor|                          ; 87 (87)           ; 34 (34)      ; 0           ; 0            ; 0       ; 0         ; 0    ; 0            ; |irig_b|freq_div:divisor                                                                                                 ; work         ;
;    |irigb_mod:irig|                            ; 1059 (794)        ; 67 (67)      ; 0           ; 0            ; 0       ; 0         ; 0    ; 0            ; |irig_b|irigb_mod:irig                                                                                                   ; work         ;
;       |lpm_divide:Mod0|                        ; 155 (0)           ; 0 (0)        ; 0           ; 0            ; 0       ; 0         ; 0    ; 0            ; |irig_b|irigb_mod:irig|lpm_divide:Mod0                                                                                   ; work         ;
;          |lpm_divide_7bm:auto_generated|       ; 155 (0)           ; 0 (0)        ; 0           ; 0            ; 0       ; 0         ; 0    ; 0            ; |irig_b|irigb_mod:irig|lpm_divide:Mod0|lpm_divide_7bm:auto_generated                                                     ; work         ;
;             |sign_div_unsign_5nh:divider|      ; 155 (0)           ; 0 (0)        ; 0           ; 0            ; 0       ; 0         ; 0    ; 0            ; |irig_b|irigb_mod:irig|lpm_divide:Mod0|lpm_divide_7bm:auto_generated|sign_div_unsign_5nh:divider                         ; work         ;
;                |alt_u_div_l8f:divider|         ; 155 (155)         ; 0 (0)        ; 0           ; 0            ; 0       ; 0         ; 0    ; 0            ; |irig_b|irigb_mod:irig|lpm_divide:Mod0|lpm_divide_7bm:auto_generated|sign_div_unsign_5nh:divider|alt_u_div_l8f:divider   ; work         ;
;       |lpm_divide:Mod1|                        ; 99 (0)            ; 0 (0)        ; 0           ; 0            ; 0       ; 0         ; 0    ; 0            ; |irig_b|irigb_mod:irig|lpm_divide:Mod1                                                                                   ; work         ;
;          |lpm_divide_7bm:auto_generated|       ; 99 (0)            ; 0 (0)        ; 0           ; 0            ; 0       ; 0         ; 0    ; 0            ; |irig_b|irigb_mod:irig|lpm_divide:Mod1|lpm_divide_7bm:auto_generated                                                     ; work         ;
;             |sign_div_unsign_5nh:divider|      ; 99 (0)            ; 0 (0)        ; 0           ; 0            ; 0       ; 0         ; 0    ; 0            ; |irig_b|irigb_mod:irig|lpm_divide:Mod1|lpm_divide_7bm:auto_generated|sign_div_unsign_5nh:divider                         ; work         ;
;                |alt_u_div_l8f:divider|         ; 99 (99)           ; 0 (0)        ; 0           ; 0            ; 0       ; 0         ; 0    ; 0            ; |irig_b|irigb_mod:irig|lpm_divide:Mod1|lpm_divide_7bm:auto_generated|sign_div_unsign_5nh:divider|alt_u_div_l8f:divider   ; work         ;
;       |lpm_mult:Mult0|                         ; 11 (0)            ; 0 (0)        ; 0           ; 0            ; 0       ; 0         ; 0    ; 0            ; |irig_b|irigb_mod:irig|lpm_mult:Mult0                                                                                    ; work         ;
;          |multcore:mult_core|                  ; 11 (7)            ; 0 (0)        ; 0           ; 0            ; 0       ; 0         ; 0    ; 0            ; |irig_b|irigb_mod:irig|lpm_mult:Mult0|multcore:mult_core                                                                 ; work         ;
;             |mpar_add:padder|                  ; 4 (0)             ; 0 (0)        ; 0           ; 0            ; 0       ; 0         ; 0    ; 0            ; |irig_b|irigb_mod:irig|lpm_mult:Mult0|multcore:mult_core|mpar_add:padder                                                 ; work         ;
;                |lpm_add_sub:adder[0]|          ; 4 (0)             ; 0 (0)        ; 0           ; 0            ; 0       ; 0         ; 0    ; 0            ; |irig_b|irigb_mod:irig|lpm_mult:Mult0|multcore:mult_core|mpar_add:padder|lpm_add_sub:adder[0]                            ; work         ;
;                   |add_sub_gfh:auto_generated| ; 4 (4)             ; 0 (0)        ; 0           ; 0            ; 0       ; 0         ; 0    ; 0            ; |irig_b|irigb_mod:irig|lpm_mult:Mult0|multcore:mult_core|mpar_add:padder|lpm_add_sub:adder[0]|add_sub_gfh:auto_generated ; work         ;
+------------------------------------------------+-------------------+--------------+-------------+--------------+---------+-----------+------+--------------+--------------------------------------------------------------------------------------------------------------------------+--------------+
Note: For table entries with two numbers listed, the numbers in parentheses indicate the number of resources of the given type used by the specific entity alone. The numbers listed outside of parentheses indicate the total resources of the given type used by the specific entity and all of its sub-entities in the hierarchy.


+---------------------------------------------------------------------------------------------------------+
; User-Specified and Inferred Latches                                                                     ;
+-----------------------------------------------------+--------------------------+------------------------+
; Latch Name                                          ; Latch Enable Signal      ; Free of Timing Hazards ;
+-----------------------------------------------------+--------------------------+------------------------+
; irigb_mod:irig|output                               ; irigb_mod:irig|output    ; yes                    ;
; irigb_mod:irig|irq_ax                               ; irigb_mod:irig|irq_ax    ; yes                    ;
; irigb_mod:irig|sec_s[0]                             ; irigb_mod:irig|ctrlclk   ; yes                    ;
; irigb_mod:irig|sec_s[1]                             ; irigb_mod:irig|ctrlclk   ; yes                    ;
; irigb_mod:irig|sec_s[2]                             ; irigb_mod:irig|ctrlclk   ; yes                    ;
; irigb_mod:irig|sec_s[3]                             ; irigb_mod:irig|ctrlclk   ; yes                    ;
; irigb_mod:irig|sec_s[4]                             ; irigb_mod:irig|ctrlclk   ; yes                    ;
; irigb_mod:irig|sec_s[5]                             ; irigb_mod:irig|ctrlclk   ; yes                    ;
; irigb_mod:irig|min_s[0]                             ; irigb_mod:irig|min_s[0]  ; yes                    ;
; irigb_mod:irig|min_s[1]                             ; irigb_mod:irig|min_s[0]  ; yes                    ;
; irigb_mod:irig|min_s[2]                             ; irigb_mod:irig|min_s[0]  ; yes                    ;
; irigb_mod:irig|min_s[3]                             ; irigb_mod:irig|min_s[0]  ; yes                    ;
; irigb_mod:irig|min_s[4]                             ; irigb_mod:irig|min_s[0]  ; yes                    ;
; irigb_mod:irig|min_s[5]                             ; irigb_mod:irig|min_s[0]  ; yes                    ;
; irigb_mod:irig|year_s[0]                            ; irigb_mod:irig|year_s[7] ; yes                    ;
; irigb_mod:irig|year_s[1]                            ; irigb_mod:irig|year_s[7] ; yes                    ;
; irigb_mod:irig|year_s[2]                            ; irigb_mod:irig|year_s[7] ; yes                    ;
; irigb_mod:irig|year_s[3]                            ; irigb_mod:irig|year_s[7] ; yes                    ;
; irigb_mod:irig|year_s[4]                            ; irigb_mod:irig|year_s[7] ; yes                    ;
; irigb_mod:irig|year_s[5]                            ; irigb_mod:irig|year_s[7] ; yes                    ;
; irigb_mod:irig|year_s[6]                            ; irigb_mod:irig|year_s[7] ; yes                    ;
; irigb_mod:irig|year_s[8]                            ; irigb_mod:irig|year_s[7] ; yes                    ;
; irigb_mod:irig|year_s[7]                            ; irigb_mod:irig|year_s[7] ; yes                    ;
; irigb_mod:irig|year_s[9]                            ; irigb_mod:irig|year_s[7] ; yes                    ;
; irigb_mod:irig|day_s[2]                             ; irigb_mod:irig|day_s[0]  ; yes                    ;
; irigb_mod:irig|day_s[3]                             ; irigb_mod:irig|day_s[0]  ; yes                    ;
; irigb_mod:irig|day_s[8]                             ; irigb_mod:irig|day_s[0]  ; yes                    ;
; irigb_mod:irig|day_s[6]                             ; irigb_mod:irig|day_s[0]  ; yes                    ;
; irigb_mod:irig|day_s[7]                             ; irigb_mod:irig|day_s[0]  ; yes                    ;
; irigb_mod:irig|day_s[4]                             ; irigb_mod:irig|day_s[0]  ; yes                    ;
; irigb_mod:irig|day_s[5]                             ; irigb_mod:irig|day_s[0]  ; yes                    ;
; irigb_mod:irig|day_s[1]                             ; irigb_mod:irig|day_s[0]  ; yes                    ;
; irigb_mod:irig|hour_s[1]                            ; irigb_mod:irig|hour_s[0] ; yes                    ;
; irigb_mod:irig|hour_s[2]                            ; irigb_mod:irig|hour_s[0] ; yes                    ;
; irigb_mod:irig|hour_s[4]                            ; irigb_mod:irig|hour_s[0] ; yes                    ;
; irigb_mod:irig|hour_s[3]                            ; irigb_mod:irig|hour_s[0] ; yes                    ;
; irigb_mod:irig|day_s[0]                             ; irigb_mod:irig|day_s[0]  ; yes                    ;
; irigb_mod:irig|hour_s[0]                            ; irigb_mod:irig|hour_s[0] ; yes                    ;
; irigb_mod:irig|year_s[11]                           ; irigb_mod:irig|year_s[7] ; yes                    ;
; irigb_mod:irig|year_s[10]                           ; irigb_mod:irig|year_s[7] ; yes                    ;
; Number of user-specified and inferred latches = 40  ;                          ;                        ;
+-----------------------------------------------------+--------------------------+------------------------+
Note: All latches listed above may not be present at the end of synthesis due to various synthesis optimizations.


+------------------------------------------------------+
; General Register Statistics                          ;
+----------------------------------------------+-------+
; Statistic                                    ; Value ;
+----------------------------------------------+-------+
; Total registers                              ; 104   ;
; Number of registers using Synchronous Clear  ; 0     ;
; Number of registers using Synchronous Load   ; 0     ;
; Number of registers using Asynchronous Clear ; 11    ;
; Number of registers using Asynchronous Load  ; 0     ;
; Number of registers using Clock Enable       ; 62    ;
; Number of registers using Preset             ; 0     ;
+----------------------------------------------+-------+


+--------------------------------------------------+
; Inverted Register Statistics                     ;
+----------------------------------------+---------+
; Inverted Register                      ; Fan out ;
+----------------------------------------+---------+
; irigb_mod:irig|day_c[0]                ; 1       ;
; freq_div:divisor|pre_pps               ; 1       ;
; Total number of inverted registers = 2 ;         ;
+----------------------------------------+---------+


+------------------------------------------------------------------------------------------------------------------------------------------------+
; Multiplexer Restructuring Statistics (Restructuring Performed)                                                                                 ;
+--------------------+-----------+---------------+----------------------+------------------------+------------+----------------------------------+
; Multiplexer Inputs ; Bus Width ; Baseline Area ; Area if Restructured ; Saving if Restructured ; Registered ; Example Multiplexer Output       ;
+--------------------+-----------+---------------+----------------------+------------------------+------------+----------------------------------+
; 3:1                ; 12 bits   ; 24 LEs        ; 24 LEs               ; 0 LEs                  ; No         ; |irig_b|irigb_mod:irig|year_s[4] ;
; 4:1                ; 6 bits    ; 12 LEs        ; 12 LEs               ; 0 LEs                  ; No         ; |irig_b|irigb_mod:irig|sec_s     ;
; 4:1                ; 6 bits    ; 12 LEs        ; 12 LEs               ; 0 LEs                  ; No         ; |irig_b|irigb_mod:irig|min_s[2]  ;
; 4:1                ; 5 bits    ; 10 LEs        ; 10 LEs               ; 0 LEs                  ; No         ; |irig_b|irigb_mod:irig|hour_s[1] ;
; 6:1                ; 9 bits    ; 36 LEs        ; 18 LEs               ; 18 LEs                 ; No         ; |irig_b|irigb_mod:irig|day_s[0]  ;
+--------------------+-----------+---------------+----------------------+------------------------+------------+----------------------------------+


+------------------------------------------------------------------------+
; Parameter Settings for User Entity Instance: Top-level Entity: |irig_b ;
+----------------+-------+-----------------------------------------------+
; Parameter Name ; Value ; Type                                          ;
+----------------+-------+-----------------------------------------------+
; FREQ_IN        ; 2     ; Signed Integer                                ;
+----------------+-------+-----------------------------------------------+
Note: In order to hide this table in the UI and the text report file, please set the "Show Parameter Settings in Synthesis Report" option in "Analysis and Synthesis Settings -> More Settings" to "Off".


+---------------------------------------------------------------+
; Parameter Settings for User Entity Instance: freq_div:divisor ;
+----------------+-------+--------------------------------------+
; Parameter Name ; Value ; Type                                 ;
+----------------+-------+--------------------------------------+
; freq_in        ; 2     ; Signed Integer                       ;
; freq_ou        ; 1     ; Signed Integer                       ;
+----------------+-------+--------------------------------------+
Note: In order to hide this table in the UI and the text report file, please set the "Show Parameter Settings in Synthesis Report" option in "Analysis and Synthesis Settings -> More Settings" to "Off".


+---------------------------------------------------------------------------------+
; Parameter Settings for Inferred Entity Instance: irigb_mod:irig|lpm_divide:Mod0 ;
+------------------------+----------------+---------------------------------------+
; Parameter Name         ; Value          ; Type                                  ;
+------------------------+----------------+---------------------------------------+
; LPM_WIDTHN             ; 12             ; Untyped                               ;
; LPM_WIDTHD             ; 12             ; Untyped                               ;
; LPM_NREPRESENTATION    ; UNSIGNED       ; Untyped                               ;
; LPM_DREPRESENTATION    ; UNSIGNED       ; Untyped                               ;
; LPM_PIPELINE           ; 0              ; Untyped                               ;
; LPM_REMAINDERPOSITIVE  ; TRUE           ; Untyped                               ;
; MAXIMIZE_SPEED         ; 5              ; Untyped                               ;
; CBXI_PARAMETER         ; lpm_divide_7bm ; Untyped                               ;
; CARRY_CHAIN            ; MANUAL         ; Untyped                               ;
; OPTIMIZE_FOR_SPEED     ; 5              ; Untyped                               ;
; AUTO_CARRY_CHAINS      ; ON             ; AUTO_CARRY                            ;
; IGNORE_CARRY_BUFFERS   ; OFF            ; IGNORE_CARRY                          ;
; AUTO_CASCADE_CHAINS    ; ON             ; AUTO_CASCADE                          ;
; IGNORE_CASCADE_BUFFERS ; OFF            ; IGNORE_CASCADE                        ;
+------------------------+----------------+---------------------------------------+
Note: In order to hide this table in the UI and the text report file, please set the "Show Parameter Settings in Synthesis Report" option in "Analysis and Synthesis Settings -> More Settings" to "Off".


+---------------------------------------------------------------------------------+
; Parameter Settings for Inferred Entity Instance: irigb_mod:irig|lpm_divide:Mod1 ;
+------------------------+----------------+---------------------------------------+
; Parameter Name         ; Value          ; Type                                  ;
+------------------------+----------------+---------------------------------------+
; LPM_WIDTHN             ; 12             ; Untyped                               ;
; LPM_WIDTHD             ; 12             ; Untyped                               ;
; LPM_NREPRESENTATION    ; UNSIGNED       ; Untyped                               ;
; LPM_DREPRESENTATION    ; UNSIGNED       ; Untyped                               ;
; LPM_PIPELINE           ; 0              ; Untyped                               ;
; LPM_REMAINDERPOSITIVE  ; TRUE           ; Untyped                               ;
; MAXIMIZE_SPEED         ; 5              ; Untyped                               ;
; CBXI_PARAMETER         ; lpm_divide_7bm ; Untyped                               ;
; CARRY_CHAIN            ; MANUAL         ; Untyped                               ;
; OPTIMIZE_FOR_SPEED     ; 5              ; Untyped                               ;
; AUTO_CARRY_CHAINS      ; ON             ; AUTO_CARRY                            ;
; IGNORE_CARRY_BUFFERS   ; OFF            ; IGNORE_CARRY                          ;
; AUTO_CASCADE_CHAINS    ; ON             ; AUTO_CASCADE                          ;
; IGNORE_CASCADE_BUFFERS ; OFF            ; IGNORE_CASCADE                        ;
+------------------------+----------------+---------------------------------------+
Note: In order to hide this table in the UI and the text report file, please set the "Show Parameter Settings in Synthesis Report" option in "Analysis and Synthesis Settings -> More Settings" to "Off".


+------------------------------------------------------------------------------------+
; Parameter Settings for Inferred Entity Instance: irigb_mod:irig|lpm_mult:Mult0     ;
+------------------------------------------------+-------------+---------------------+
; Parameter Name                                 ; Value       ; Type                ;
+------------------------------------------------+-------------+---------------------+
; AUTO_CARRY_CHAINS                              ; ON          ; AUTO_CARRY          ;
; IGNORE_CARRY_BUFFERS                           ; OFF         ; IGNORE_CARRY        ;
; AUTO_CASCADE_CHAINS                            ; ON          ; AUTO_CASCADE        ;
; IGNORE_CASCADE_BUFFERS                         ; OFF         ; IGNORE_CASCADE      ;
; LPM_WIDTHA                                     ; 5           ; Untyped             ;
; LPM_WIDTHB                                     ; 12          ; Untyped             ;
; LPM_WIDTHP                                     ; 17          ; Untyped             ;
; LPM_WIDTHR                                     ; 17          ; Untyped             ;
; LPM_WIDTHS                                     ; 1           ; Untyped             ;
; LPM_REPRESENTATION                             ; UNSIGNED    ; Untyped             ;
; LPM_PIPELINE                                   ; 0           ; Untyped             ;
; LATENCY                                        ; 0           ; Untyped             ;
; INPUT_A_IS_CONSTANT                            ; NO          ; Untyped             ;
; INPUT_B_IS_CONSTANT                            ; YES         ; Untyped             ;
; USE_EAB                                        ; OFF         ; Untyped             ;
; MAXIMIZE_SPEED                                 ; 5           ; Untyped             ;
; DEVICE_FAMILY                                  ; Cyclone III ; Untyped             ;
; CARRY_CHAIN                                    ; MANUAL      ; Untyped             ;
; APEX20K_TECHNOLOGY_MAPPER                      ; LUT         ; TECH_MAPPER_APEX20K ;
; DEDICATED_MULTIPLIER_CIRCUITRY                 ; AUTO        ; Untyped             ;
; DEDICATED_MULTIPLIER_MIN_INPUT_WIDTH_FOR_AUTO  ; 0           ; Untyped             ;
; DEDICATED_MULTIPLIER_MIN_OUTPUT_WIDTH_FOR_AUTO ; 0           ; Untyped             ;
; CBXI_PARAMETER                                 ; NOTHING     ; Untyped             ;
; INPUT_A_FIXED_VALUE                            ; Bx          ; Untyped             ;
; INPUT_B_FIXED_VALUE                            ; Bx          ; Untyped             ;
; USE_AHDL_IMPLEMENTATION                        ; OFF         ; Untyped             ;
+------------------------------------------------+-------------+---------------------+
Note: In order to hide this table in the UI and the text report file, please set the "Show Parameter Settings in Synthesis Report" option in "Analysis and Synthesis Settings -> More Settings" to "Off".


+-----------------------------------------------------------------------+
; lpm_mult Parameter Settings by Entity Instance                        ;
+---------------------------------------+-------------------------------+
; Name                                  ; Value                         ;
+---------------------------------------+-------------------------------+
; Number of entity instances            ; 1                             ;
; Entity Instance                       ; irigb_mod:irig|lpm_mult:Mult0 ;
;     -- LPM_WIDTHA                     ; 5                             ;
;     -- LPM_WIDTHB                     ; 12                            ;
;     -- LPM_WIDTHP                     ; 17                            ;
;     -- LPM_REPRESENTATION             ; UNSIGNED                      ;
;     -- INPUT_A_IS_CONSTANT            ; NO                            ;
;     -- INPUT_B_IS_CONSTANT            ; YES                           ;
;     -- USE_EAB                        ; OFF                           ;
;     -- DEDICATED_MULTIPLIER_CIRCUITRY ; AUTO                          ;
;     -- INPUT_A_FIXED_VALUE            ; Bx                            ;
;     -- INPUT_B_FIXED_VALUE            ; Bx                            ;
+---------------------------------------+-------------------------------+


+-------------------------------+
; Elapsed Time Per Partition    ;
+----------------+--------------+
; Partition Name ; Elapsed Time ;
+----------------+--------------+
; Top            ; 00:00:03     ;
+----------------+--------------+


+-------------------------------+
; Analysis & Synthesis Messages ;
+-------------------------------+
Info: *******************************************************************
Info: Running Quartus II 32-bit Analysis & Synthesis
    Info: Version 13.0.1 Build 232 06/12/2013 Service Pack 1 SJ Web Edition
    Info: Processing started: Fri Mar  7 10:21:39 2014
Info: Command: quartus_map --read_settings_files=on --write_settings_files=off irig_b -c irig_b
Warning (20028): Parallel compilation is not licensed and has been disabled
Info (12021): Found 2 design units, including 1 entities, in source file irig_b.vhd
    Info (12022): Found design unit 1: irig_b-funcional
    Info (12023): Found entity 1: irig_b
Info (12021): Found 2 design units, including 1 entities, in source file irigb_mod.vhd
    Info (12022): Found design unit 1: irigb_mod-funcional
    Info (12023): Found entity 1: irigb_mod
Info (12021): Found 2 design units, including 1 entities, in source file freq_div.vhd
    Info (12022): Found design unit 1: freq_div-funcional
    Info (12023): Found entity 1: freq_div
Info (12127): Elaborating entity "irig_b" for the top level hierarchy
Info (12128): Elaborating entity "freq_div" for hierarchy "freq_div:divisor"
Warning (10492): VHDL Process Statement warning at freq_div.vhd(33): signal "cnt" is read inside the Process Statement but isn't in the Process Statement's sensitivity list
Info (12128): Elaborating entity "irigb_mod" for hierarchy "irigb_mod:irig"
Warning (10492): VHDL Process Statement warning at irigb_mod.vhd(56): signal "pre_pps" is read inside the Process Statement but isn't in the Process Statement's sensitivity list
Warning (10492): VHDL Process Statement warning at irigb_mod.vhd(56): signal "pps_in" is read inside the Process Statement but isn't in the Process Statement's sensitivity list
Warning (10492): VHDL Process Statement warning at irigb_mod.vhd(64): signal "update" is read inside the Process Statement but isn't in the Process Statement's sensitivity list
Warning (10492): VHDL Process Statement warning at irigb_mod.vhd(65): signal "sec" is read inside the Process Statement but isn't in the Process Statement's sensitivity list
Warning (10492): VHDL Process Statement warning at irigb_mod.vhd(66): signal "sec" is read inside the Process Statement but isn't in the Process Statement's sensitivity list
Warning (10492): VHDL Process Statement warning at irigb_mod.vhd(67): signal "min" is read inside the Process Statement but isn't in the Process Statement's sensitivity list
Warning (10492): VHDL Process Statement warning at irigb_mod.vhd(68): signal "hour" is read inside the Process Statement but isn't in the Process Statement's sensitivity list
Warning (10492): VHDL Process Statement warning at irigb_mod.vhd(69): signal "day" is read inside the Process Statement but isn't in the Process Statement's sensitivity list
Warning (10492): VHDL Process Statement warning at irigb_mod.vhd(70): signal "year" is read inside the Process Statement but isn't in the Process Statement's sensitivity list
Warning (10492): VHDL Process Statement warning at irigb_mod.vhd(72): signal "sec_s" is read inside the Process Statement but isn't in the Process Statement's sensitivity list
Warning (10492): VHDL Process Statement warning at irigb_mod.vhd(75): signal "min_s" is read inside the Process Statement but isn't in the Process Statement's sensitivity list
Warning (10492): VHDL Process Statement warning at irigb_mod.vhd(79): signal "hour_s" is read inside the Process Statement but isn't in the Process Statement's sensitivity list
Warning (10492): VHDL Process Statement warning at irigb_mod.vhd(82): signal "day_s" is read inside the Process Statement but isn't in the Process Statement's sensitivity list
Warning (10492): VHDL Process Statement warning at irigb_mod.vhd(83): signal "year_s" is read inside the Process Statement but isn't in the Process Statement's sensitivity list
Warning (10492): VHDL Process Statement warning at irigb_mod.vhd(86): signal "year_s" is read inside the Process Statement but isn't in the Process Statement's sensitivity list
Warning (10492): VHDL Process Statement warning at irigb_mod.vhd(88): signal "day_s" is read inside the Process Statement but isn't in the Process Statement's sensitivity list
Warning (10492): VHDL Process Statement warning at irigb_mod.vhd(93): signal "year_s" is read inside the Process Statement but isn't in the Process Statement's sensitivity list
Warning (10492): VHDL Process Statement warning at irigb_mod.vhd(95): signal "day_s" is read inside the Process Statement but isn't in the Process Statement's sensitivity list
Warning (10492): VHDL Process Statement warning at irigb_mod.vhd(99): signal "hour_s" is read inside the Process Statement but isn't in the Process Statement's sensitivity list
Warning (10492): VHDL Process Statement warning at irigb_mod.vhd(102): signal "min_s" is read inside the Process Statement but isn't in the Process Statement's sensitivity list
Warning (10492): VHDL Process Statement warning at irigb_mod.vhd(106): signal "sec_s" is read inside the Process Statement but isn't in the Process Statement's sensitivity list
Warning (10631): VHDL Process Statement warning at irigb_mod.vhd(53): inferring latch(es) for signal or variable "sec_s", which holds its previous value in one or more paths through the process
Warning (10631): VHDL Process Statement warning at irigb_mod.vhd(53): inferring latch(es) for signal or variable "min_s", which holds its previous value in one or more paths through the process
Warning (10631): VHDL Process Statement warning at irigb_mod.vhd(53): inferring latch(es) for signal or variable "hour_s", which holds its previous value in one or more paths through the process
Warning (10631): VHDL Process Statement warning at irigb_mod.vhd(53): inferring latch(es) for signal or variable "day_s", which holds its previous value in one or more paths through the process
Warning (10631): VHDL Process Statement warning at irigb_mod.vhd(53): inferring latch(es) for signal or variable "year_s", which holds its previous value in one or more paths through the process
Warning (10631): VHDL Process Statement warning at irigb_mod.vhd(53): inferring latch(es) for signal or variable "irq_ax", which holds its previous value in one or more paths through the process
Warning (10492): VHDL Process Statement warning at irigb_mod.vhd(128): signal "enable" is read inside the Process Statement but isn't in the Process Statement's sensitivity list
Warning (10492): VHDL Process Statement warning at irigb_mod.vhd(143): signal "sec_c" is read inside the Process Statement but isn't in the Process Statement's sensitivity list
Warning (10492): VHDL Process Statement warning at irigb_mod.vhd(144): signal "sec_c" is read inside the Process Statement but isn't in the Process Statement's sensitivity list
Warning (10492): VHDL Process Statement warning at irigb_mod.vhd(145): signal "sec_c" is read inside the Process Statement but isn't in the Process Statement's sensitivity list
Warning (10492): VHDL Process Statement warning at irigb_mod.vhd(146): signal "sec_c" is read inside the Process Statement but isn't in the Process Statement's sensitivity list
Warning (10492): VHDL Process Statement warning at irigb_mod.vhd(147): signal "sec_c" is read inside the Process Statement but isn't in the Process Statement's sensitivity list
Warning (10492): VHDL Process Statement warning at irigb_mod.vhd(148): signal "sec_c" is read inside the Process Statement but isn't in the Process Statement's sensitivity list
Warning (10492): VHDL Process Statement warning at irigb_mod.vhd(149): signal "sec_c" is read inside the Process Statement but isn't in the Process Statement's sensitivity list
Warning (10492): VHDL Process Statement warning at irigb_mod.vhd(150): signal "min_c" is read inside the Process Statement but isn't in the Process Statement's sensitivity list
Warning (10492): VHDL Process Statement warning at irigb_mod.vhd(151): signal "min_c" is read inside the Process Statement but isn't in the Process Statement's sensitivity list
Warning (10492): VHDL Process Statement warning at irigb_mod.vhd(152): signal "min_c" is read inside the Process Statement but isn't in the Process Statement's sensitivity list
Warning (10492): VHDL Process Statement warning at irigb_mod.vhd(153): signal "min_c" is read inside the Process Statement but isn't in the Process Statement's sensitivity list
Warning (10492): VHDL Process Statement warning at irigb_mod.vhd(154): signal "min_c" is read inside the Process Statement but isn't in the Process Statement's sensitivity list
Warning (10492): VHDL Process Statement warning at irigb_mod.vhd(155): signal "min_c" is read inside the Process Statement but isn't in the Process Statement's sensitivity list
Warning (10492): VHDL Process Statement warning at irigb_mod.vhd(156): signal "min_c" is read inside the Process Statement but isn't in the Process Statement's sensitivity list
Warning (10492): VHDL Process Statement warning at irigb_mod.vhd(157): signal "hour_c" is read inside the Process Statement but isn't in the Process Statement's sensitivity list
Warning (10492): VHDL Process Statement warning at irigb_mod.vhd(158): signal "hour_c" is read inside the Process Statement but isn't in the Process Statement's sensitivity list
Warning (10492): VHDL Process Statement warning at irigb_mod.vhd(159): signal "hour_c" is read inside the Process Statement but isn't in the Process Statement's sensitivity list
Warning (10492): VHDL Process Statement warning at irigb_mod.vhd(160): signal "hour_c" is read inside the Process Statement but isn't in the Process Statement's sensitivity list
Warning (10492): VHDL Process Statement warning at irigb_mod.vhd(161): signal "hour_c" is read inside the Process Statement but isn't in the Process Statement's sensitivity list
Warning (10492): VHDL Process Statement warning at irigb_mod.vhd(162): signal "hour_c" is read inside the Process Statement but isn't in the Process Statement's sensitivity list
Warning (10492): VHDL Process Statement warning at irigb_mod.vhd(163): signal "day_c" is read inside the Process Statement but isn't in the Process Statement's sensitivity list
Warning (10492): VHDL Process Statement warning at irigb_mod.vhd(164): signal "day_c" is read inside the Process Statement but isn't in the Process Statement's sensitivity list
Warning (10492): VHDL Process Statement warning at irigb_mod.vhd(165): signal "day_c" is read inside the Process Statement but isn't in the Process Statement's sensitivity list
Warning (10492): VHDL Process Statement warning at irigb_mod.vhd(166): signal "day_c" is read inside the Process Statement but isn't in the Process Statement's sensitivity list
Warning (10492): VHDL Process Statement warning at irigb_mod.vhd(167): signal "day_c" is read inside the Process Statement but isn't in the Process Statement's sensitivity list
Warning (10492): VHDL Process Statement warning at irigb_mod.vhd(168): signal "day_c" is read inside the Process Statement but isn't in the Process Statement's sensitivity list
Warning (10492): VHDL Process Statement warning at irigb_mod.vhd(169): signal "day_c" is read inside the Process Statement but isn't in the Process Statement's sensitivity list
Warning (10492): VHDL Process Statement warning at irigb_mod.vhd(170): signal "day_c" is read inside the Process Statement but isn't in the Process Statement's sensitivity list
Warning (10492): VHDL Process Statement warning at irigb_mod.vhd(171): signal "day_c" is read inside the Process Statement but isn't in the Process Statement's sensitivity list
Warning (10492): VHDL Process Statement warning at irigb_mod.vhd(172): signal "day_c" is read inside the Process Statement but isn't in the Process Statement's sensitivity list
Warning (10492): VHDL Process Statement warning at irigb_mod.vhd(173): signal "year_c" is read inside the Process Statement but isn't in the Process Statement's sensitivity list
Warning (10492): VHDL Process Statement warning at irigb_mod.vhd(174): signal "year_c" is read inside the Process Statement but isn't in the Process Statement's sensitivity list
Warning (10492): VHDL Process Statement warning at irigb_mod.vhd(175): signal "year_c" is read inside the Process Statement but isn't in the Process Statement's sensitivity list
Warning (10492): VHDL Process Statement warning at irigb_mod.vhd(176): signal "year_c" is read inside the Process Statement but isn't in the Process Statement's sensitivity list
Warning (10492): VHDL Process Statement warning at irigb_mod.vhd(177): signal "year_c" is read inside the Process Statement but isn't in the Process Statement's sensitivity list
Warning (10492): VHDL Process Statement warning at irigb_mod.vhd(178): signal "year_c" is read inside the Process Statement but isn't in the Process Statement's sensitivity list
Warning (10492): VHDL Process Statement warning at irigb_mod.vhd(179): signal "year_c" is read inside the Process Statement but isn't in the Process Statement's sensitivity list
Warning (10492): VHDL Process Statement warning at irigb_mod.vhd(180): signal "year_c" is read inside the Process Statement but isn't in the Process Statement's sensitivity list
Warning (10492): VHDL Process Statement warning at irigb_mod.vhd(181): signal "tod" is read inside the Process Statement but isn't in the Process Statement's sensitivity list
Warning (10492): VHDL Process Statement warning at irigb_mod.vhd(182): signal "tod" is read inside the Process Statement but isn't in the Process Statement's sensitivity list
Warning (10492): VHDL Process Statement warning at irigb_mod.vhd(183): signal "tod" is read inside the Process Statement but isn't in the Process Statement's sensitivity list
Warning (10492): VHDL Process Statement warning at irigb_mod.vhd(184): signal "tod" is read inside the Process Statement but isn't in the Process Statement's sensitivity list
Warning (10492): VHDL Process Statement warning at irigb_mod.vhd(185): signal "tod" is read inside the Process Statement but isn't in the Process Statement's sensitivity list
Warning (10492): VHDL Process Statement warning at irigb_mod.vhd(186): signal "tod" is read inside the Process Statement but isn't in the Process Statement's sensitivity list
Warning (10492): VHDL Process Statement warning at irigb_mod.vhd(187): signal "tod" is read inside the Process Statement but isn't in the Process Statement's sensitivity list
Warning (10492): VHDL Process Statement warning at irigb_mod.vhd(188): signal "tod" is read inside the Process Statement but isn't in the Process Statement's sensitivity list
Warning (10492): VHDL Process Statement warning at irigb_mod.vhd(189): signal "tod" is read inside the Process Statement but isn't in the Process Statement's sensitivity list
Warning (10492): VHDL Process Statement warning at irigb_mod.vhd(190): signal "tod" is read inside the Process Statement but isn't in the Process Statement's sensitivity list
Warning (10492): VHDL Process Statement warning at irigb_mod.vhd(191): signal "tod" is read inside the Process Statement but isn't in the Process Statement's sensitivity list
Warning (10492): VHDL Process Statement warning at irigb_mod.vhd(192): signal "tod" is read inside the Process Statement but isn't in the Process Statement's sensitivity list
Warning (10492): VHDL Process Statement warning at irigb_mod.vhd(193): signal "tod" is read inside the Process Statement but isn't in the Process Statement's sensitivity list
Warning (10492): VHDL Process Statement warning at irigb_mod.vhd(194): signal "tod" is read inside the Process Statement but isn't in the Process Statement's sensitivity list
Warning (10492): VHDL Process Statement warning at irigb_mod.vhd(195): signal "tod" is read inside the Process Statement but isn't in the Process Statement's sensitivity list
Warning (10492): VHDL Process Statement warning at irigb_mod.vhd(196): signal "tod" is read inside the Process Statement but isn't in the Process Statement's sensitivity list
Warning (10492): VHDL Process Statement warning at irigb_mod.vhd(197): signal "tod" is read inside the Process Statement but isn't in the Process Statement's sensitivity list
Warning (10631): VHDL Process Statement warning at irigb_mod.vhd(126): inferring latch(es) for signal or variable "output", which holds its previous value in one or more paths through the process
Info (10041): Inferred latch for "output" at irigb_mod.vhd(126)
Info (10041): Inferred latch for "irq_ax" at irigb_mod.vhd(53)
Info (10041): Inferred latch for "year_s[0]" at irigb_mod.vhd(53)
Info (10041): Inferred latch for "year_s[1]" at irigb_mod.vhd(53)
Info (10041): Inferred latch for "year_s[2]" at irigb_mod.vhd(53)
Info (10041): Inferred latch for "year_s[3]" at irigb_mod.vhd(53)
Info (10041): Inferred latch for "year_s[4]" at irigb_mod.vhd(53)
Info (10041): Inferred latch for "year_s[5]" at irigb_mod.vhd(53)
Info (10041): Inferred latch for "year_s[6]" at irigb_mod.vhd(53)
Info (10041): Inferred latch for "year_s[7]" at irigb_mod.vhd(53)
Info (10041): Inferred latch for "year_s[8]" at irigb_mod.vhd(53)
Info (10041): Inferred latch for "year_s[9]" at irigb_mod.vhd(53)
Info (10041): Inferred latch for "year_s[10]" at irigb_mod.vhd(53)
Info (10041): Inferred latch for "year_s[11]" at irigb_mod.vhd(53)
Info (10041): Inferred latch for "day_s[0]" at irigb_mod.vhd(53)
Info (10041): Inferred latch for "day_s[1]" at irigb_mod.vhd(53)
Info (10041): Inferred latch for "day_s[2]" at irigb_mod.vhd(53)
Info (10041): Inferred latch for "day_s[3]" at irigb_mod.vhd(53)
Info (10041): Inferred latch for "day_s[4]" at irigb_mod.vhd(53)
Info (10041): Inferred latch for "day_s[5]" at irigb_mod.vhd(53)
Info (10041): Inferred latch for "day_s[6]" at irigb_mod.vhd(53)
Info (10041): Inferred latch for "day_s[7]" at irigb_mod.vhd(53)
Info (10041): Inferred latch for "day_s[8]" at irigb_mod.vhd(53)
Info (10041): Inferred latch for "hour_s[0]" at irigb_mod.vhd(53)
Info (10041): Inferred latch for "hour_s[1]" at irigb_mod.vhd(53)
Info (10041): Inferred latch for "hour_s[2]" at irigb_mod.vhd(53)
Info (10041): Inferred latch for "hour_s[3]" at irigb_mod.vhd(53)
Info (10041): Inferred latch for "hour_s[4]" at irigb_mod.vhd(53)
Info (10041): Inferred latch for "min_s[0]" at irigb_mod.vhd(53)
Info (10041): Inferred latch for "min_s[1]" at irigb_mod.vhd(53)
Info (10041): Inferred latch for "min_s[2]" at irigb_mod.vhd(53)
Info (10041): Inferred latch for "min_s[3]" at irigb_mod.vhd(53)
Info (10041): Inferred latch for "min_s[4]" at irigb_mod.vhd(53)
Info (10041): Inferred latch for "min_s[5]" at irigb_mod.vhd(53)
Info (10041): Inferred latch for "sec_s[0]" at irigb_mod.vhd(53)
Info (10041): Inferred latch for "sec_s[1]" at irigb_mod.vhd(53)
Info (10041): Inferred latch for "sec_s[2]" at irigb_mod.vhd(53)
Info (10041): Inferred latch for "sec_s[3]" at irigb_mod.vhd(53)
Info (10041): Inferred latch for "sec_s[4]" at irigb_mod.vhd(53)
Info (10041): Inferred latch for "sec_s[5]" at irigb_mod.vhd(53)
Info (278001): Inferred 3 megafunctions from design logic
    Info (278004): Inferred divider/modulo megafunction ("lpm_divide") from the following logic: "irigb_mod:irig|Mod0"
    Info (278004): Inferred divider/modulo megafunction ("lpm_divide") from the following logic: "irigb_mod:irig|Mod1"
    Info (278003): Inferred multiplier megafunction ("lpm_mult") from the following logic: "irigb_mod:irig|Mult0"
Info (12130): Elaborated megafunction instantiation "irigb_mod:irig|lpm_divide:Mod0"
Info (12133): Instantiated megafunction "irigb_mod:irig|lpm_divide:Mod0" with the following parameter:
    Info (12134): Parameter "LPM_WIDTHN" = "12"
    Info (12134): Parameter "LPM_WIDTHD" = "12"
    Info (12134): Parameter "LPM_NREPRESENTATION" = "UNSIGNED"
    Info (12134): Parameter "LPM_DREPRESENTATION" = "UNSIGNED"
Info (12021): Found 1 design units, including 1 entities, in source file db/lpm_divide_7bm.tdf
    Info (12023): Found entity 1: lpm_divide_7bm
Info (12021): Found 1 design units, including 1 entities, in source file db/sign_div_unsign_5nh.tdf
    Info (12023): Found entity 1: sign_div_unsign_5nh
Info (12021): Found 1 design units, including 1 entities, in source file db/alt_u_div_l8f.tdf
    Info (12023): Found entity 1: alt_u_div_l8f
Info (12021): Found 1 design units, including 1 entities, in source file db/add_sub_unc.tdf
    Info (12023): Found entity 1: add_sub_unc
Info (12021): Found 1 design units, including 1 entities, in source file db/add_sub_vnc.tdf
    Info (12023): Found entity 1: add_sub_vnc
Info (12130): Elaborated megafunction instantiation "irigb_mod:irig|lpm_divide:Mod1"
Info (12133): Instantiated megafunction "irigb_mod:irig|lpm_divide:Mod1" with the following parameter:
    Info (12134): Parameter "LPM_WIDTHN" = "12"
    Info (12134): Parameter "LPM_WIDTHD" = "12"
    Info (12134): Parameter "LPM_NREPRESENTATION" = "UNSIGNED"
    Info (12134): Parameter "LPM_DREPRESENTATION" = "UNSIGNED"
Info (12130): Elaborated megafunction instantiation "irigb_mod:irig|lpm_mult:Mult0"
Info (12133): Instantiated megafunction "irigb_mod:irig|lpm_mult:Mult0" with the following parameter:
    Info (12134): Parameter "LPM_WIDTHA" = "5"
    Info (12134): Parameter "LPM_WIDTHB" = "12"
    Info (12134): Parameter "LPM_WIDTHP" = "17"
    Info (12134): Parameter "LPM_WIDTHR" = "17"
    Info (12134): Parameter "LPM_WIDTHS" = "1"
    Info (12134): Parameter "LPM_REPRESENTATION" = "UNSIGNED"
    Info (12134): Parameter "INPUT_A_IS_CONSTANT" = "NO"
    Info (12134): Parameter "INPUT_B_IS_CONSTANT" = "YES"
    Info (12134): Parameter "MAXIMIZE_SPEED" = "5"
Info (12131): Elaborated megafunction instantiation "irigb_mod:irig|lpm_mult:Mult0|multcore:mult_core", which is child of megafunction instantiation "irigb_mod:irig|lpm_mult:Mult0"
Info (12131): Elaborated megafunction instantiation "irigb_mod:irig|lpm_mult:Mult0|multcore:mult_core|mpar_add:padder", which is child of megafunction instantiation "irigb_mod:irig|lpm_mult:Mult0"
Info (12131): Elaborated megafunction instantiation "irigb_mod:irig|lpm_mult:Mult0|multcore:mult_core|mpar_add:padder|lpm_add_sub:adder[0]", which is child of megafunction instantiation "irigb_mod:irig|lpm_mult:Mult0"
Info (12021): Found 1 design units, including 1 entities, in source file db/add_sub_gfh.tdf
    Info (12023): Found entity 1: add_sub_gfh
Info (12131): Elaborated megafunction instantiation "irigb_mod:irig|lpm_mult:Mult0|altshift:external_latency_ffs", which is child of megafunction instantiation "irigb_mod:irig|lpm_mult:Mult0"
Warning (13012): Latch irigb_mod:irig|output has unsafe behavior
    Warning (13013): Ports D and ENA on the latch are fed by the same signal irigb_mod:irig|cnt[6]
Warning (13012): Latch irigb_mod:irig|irq_ax has unsafe behavior
    Warning (13013): Ports D and ENA on the latch are fed by the same signal irigb_mod:irig|sec_s[0]
Warning (13012): Latch irigb_mod:irig|min_s[0] has unsafe behavior
    Warning (13013): Ports D and ENA on the latch are fed by the same signal rs
Warning (13012): Latch irigb_mod:irig|min_s[1] has unsafe behavior
    Warning (13013): Ports D and ENA on the latch are fed by the same signal rs
Warning (13012): Latch irigb_mod:irig|min_s[2] has unsafe behavior
    Warning (13013): Ports D and ENA on the latch are fed by the same signal rs
Warning (13012): Latch irigb_mod:irig|min_s[3] has unsafe behavior
    Warning (13013): Ports D and ENA on the latch are fed by the same signal rs
Warning (13012): Latch irigb_mod:irig|min_s[4] has unsafe behavior
    Warning (13013): Ports D and ENA on the latch are fed by the same signal rs
Warning (13012): Latch irigb_mod:irig|min_s[5] has unsafe behavior
    Warning (13013): Ports D and ENA on the latch are fed by the same signal rs
Warning (13012): Latch irigb_mod:irig|year_s[0] has unsafe behavior
    Warning (13013): Ports D and ENA on the latch are fed by the same signal rs
Warning (13012): Latch irigb_mod:irig|year_s[1] has unsafe behavior
    Warning (13013): Ports D and ENA on the latch are fed by the same signal rs
Warning (13012): Latch irigb_mod:irig|year_s[2] has unsafe behavior
    Warning (13013): Ports D and ENA on the latch are fed by the same signal rs
Warning (13012): Latch irigb_mod:irig|year_s[3] has unsafe behavior
    Warning (13013): Ports D and ENA on the latch are fed by the same signal rs
Warning (13012): Latch irigb_mod:irig|year_s[4] has unsafe behavior
    Warning (13013): Ports D and ENA on the latch are fed by the same signal rs
Warning (13012): Latch irigb_mod:irig|year_s[5] has unsafe behavior
    Warning (13013): Ports D and ENA on the latch are fed by the same signal rs
Warning (13012): Latch irigb_mod:irig|year_s[6] has unsafe behavior
    Warning (13013): Ports D and ENA on the latch are fed by the same signal rs
Warning (13012): Latch irigb_mod:irig|year_s[8] has unsafe behavior
    Warning (13013): Ports D and ENA on the latch are fed by the same signal rs
Warning (13012): Latch irigb_mod:irig|year_s[7] has unsafe behavior
    Warning (13013): Ports D and ENA on the latch are fed by the same signal rs
Warning (13012): Latch irigb_mod:irig|year_s[9] has unsafe behavior
    Warning (13013): Ports D and ENA on the latch are fed by the same signal rs
Warning (13012): Latch irigb_mod:irig|day_s[2] has unsafe behavior
    Warning (13013): Ports D and ENA on the latch are fed by the same signal rs
Warning (13012): Latch irigb_mod:irig|day_s[3] has unsafe behavior
    Warning (13013): Ports D and ENA on the latch are fed by the same signal rs
Warning (13012): Latch irigb_mod:irig|day_s[8] has unsafe behavior
    Warning (13013): Ports D and ENA on the latch are fed by the same signal rs
Warning (13012): Latch irigb_mod:irig|day_s[6] has unsafe behavior
    Warning (13013): Ports D and ENA on the latch are fed by the same signal rs
Warning (13012): Latch irigb_mod:irig|day_s[7] has unsafe behavior
    Warning (13013): Ports D and ENA on the latch are fed by the same signal rs
Warning (13012): Latch irigb_mod:irig|day_s[4] has unsafe behavior
    Warning (13013): Ports D and ENA on the latch are fed by the same signal rs
Warning (13012): Latch irigb_mod:irig|day_s[5] has unsafe behavior
    Warning (13013): Ports D and ENA on the latch are fed by the same signal rs
Warning (13012): Latch irigb_mod:irig|day_s[1] has unsafe behavior
    Warning (13013): Ports D and ENA on the latch are fed by the same signal rs
Warning (13012): Latch irigb_mod:irig|hour_s[1] has unsafe behavior
    Warning (13013): Ports D and ENA on the latch are fed by the same signal rs
Warning (13012): Latch irigb_mod:irig|hour_s[2] has unsafe behavior
    Warning (13013): Ports D and ENA on the latch are fed by the same signal rs
Warning (13012): Latch irigb_mod:irig|hour_s[4] has unsafe behavior
    Warning (13013): Ports D and ENA on the latch are fed by the same signal rs
Warning (13012): Latch irigb_mod:irig|hour_s[3] has unsafe behavior
    Warning (13013): Ports D and ENA on the latch are fed by the same signal rs
Warning (13012): Latch irigb_mod:irig|day_s[0] has unsafe behavior
    Warning (13013): Ports D and ENA on the latch are fed by the same signal rs
Warning (13012): Latch irigb_mod:irig|hour_s[0] has unsafe behavior
    Warning (13013): Ports D and ENA on the latch are fed by the same signal rs
Warning (13012): Latch irigb_mod:irig|year_s[11] has unsafe behavior
    Warning (13013): Ports D and ENA on the latch are fed by the same signal rs
Warning (13012): Latch irigb_mod:irig|year_s[10] has unsafe behavior
    Warning (13013): Ports D and ENA on the latch are fed by the same signal rs
Info (286030): Timing-Driven Synthesis is running
Info (16010): Generating hard_block partition "hard_block:auto_generated_inst"
    Info (16011): Adding 0 node(s), including 0 DDIO, 0 PLL, 0 transceiver and 0 LCELL
Info (21057): Implemented 1211 device resources after synthesis - the final resource count might be different
    Info (21058): Implemented 43 input pins
    Info (21059): Implemented 2 output pins
    Info (21061): Implemented 1166 logic cells
Info: Quartus II 32-bit Analysis & Synthesis was successful. 0 errors, 154 warnings
    Info: Peak virtual memory: 365 megabytes
    Info: Processing ended: Fri Mar  7 10:21:44 2014
    Info: Elapsed time: 00:00:05
    Info: Total CPU time (on all processors): 00:00:05


